22:57:36 **** Incremental Build of configuration Debug for project mcu ****
make -j8 all 
Building file: ../Src/MPU6050/MPU6050.c
Building file: ../Src/App/sensing.c
Building file: ../Src/dma.c
Invoking: MCU GCC Compiler
Invoking: MCU GCC Compiler
Invoking: MCU GCC Compiler
Building file: ../Src/freertos.c
D:\Users\Tyler\Documents\GitHub\oil_lamp\mcu\Debug
D:\Users\Tyler\Documents\GitHub\oil_lamp\mcu\Debug
arm-none-eabi-gcc -mcpu=cortex-m4 -mthumb -mfloat-abi=hard -mfpu=fpv4-sp-d16 '-D__weak=__attribute__((weak))' '-D__packed=__attribute__((__packed__))' -DUSE_HAL_DRIVER -DSTM32F446xx -I"D:/Users/Tyler/Documents/GitHub/oil_lamp/mcu/Inc" -I"D:/Users/Tyler/Documents/GitHub/oil_lamp/mcu/Drivers/STM32F4xx_HAL_Driver/Inc" -I"D:/Users/Tyler/Documents/GitHub/oil_lamp/mcu/Drivers/STM32F4xx_HAL_Driver/Inc/Legacy" -I"D:/Users/Tyler/Documents/GitHub/oil_lamp/mcu/Middlewares/Third_Party/FreeRTOS/Source/include" -I"D:/Users/Tyler/Documents/GitHub/oil_lamp/mcu/Middlewares/Third_Party/FreeRTOS/Source/CMSIS_RTOS" -I"D:/Users/Tyler/Documents/GitHub/oil_lamp/mcu/Middlewares/Third_Party/FreeRTOS/Source/portable/GCC/ARM_CM4F" -I"D:/Users/Tyler/Documents/GitHub/oil_lamp/mcu/Drivers/CMSIS/Device/ST/STM32F4xx/Include" -I"D:/Users/Tyler/Documents/GitHub/oil_lamp/mcu/Drivers/CMSIS/Include"  -Og -g3 -Wall -fmessage-length=0 -ffunction-sections -c -fmessage-length=0 -MMD -MP -MF"Src/MPU6050/MPU6050.d" -MT"Src/MPU6050/MPU6050.o" -o "Src/MPU6050/MPU6050.o" "../Src/MPU6050/MPU6050.c"
D:\Users\Tyler\Documents\GitHub\oil_lamp\mcu\Debug
arm-none-eabi-gcc -mcpu=cortex-m4 -mthumb -mfloat-abi=hard -mfpu=fpv4-sp-d16 '-D__weak=__attribute__((weak))' '-D__packed=__attribute__((__packed__))' -DUSE_HAL_DRIVER -DSTM32F446xx -I"D:/Users/Tyler/Documents/GitHub/oil_lamp/mcu/Inc" -I"D:/Users/Tyler/Documents/GitHub/oil_lamp/mcu/Drivers/STM32F4xx_HAL_Driver/Inc" -I"D:/Users/Tyler/Documents/GitHub/oil_lamp/mcu/Drivers/STM32F4xx_HAL_Driver/Inc/Legacy" -I"D:/Users/Tyler/Documents/GitHub/oil_lamp/mcu/Middlewares/Third_Party/FreeRTOS/Source/include" -I"D:/Users/Tyler/Documents/GitHub/oil_lamp/mcu/Middlewares/Third_Party/FreeRTOS/Source/CMSIS_RTOS" -I"D:/Users/Tyler/Documents/GitHub/oil_lamp/mcu/Middlewares/Third_Party/FreeRTOS/Source/portable/GCC/ARM_CM4F" -I"D:/Users/Tyler/Documents/GitHub/oil_lamp/mcu/Drivers/CMSIS/Device/ST/STM32F4xx/Include" -I"D:/Users/Tyler/Documents/GitHub/oil_lamp/mcu/Drivers/CMSIS/Include"  -Og -g3 -Wall -fmessage-length=0 -ffunction-sections -c -fmessage-length=0 -MMD -MP -MF"Src/App/sensing.d" -MT"Src/App/sensing.o" -o "Src/App/sensing.o" "../Src/App/sensing.c"
Invoking: MCU GCC Compiler
arm-none-eabi-gcc -mcpu=cortex-m4 -mthumb -mfloat-abi=hard -mfpu=fpv4-sp-d16 '-D__weak=__attribute__((weak))' '-D__packed=__attribute__((__packed__))' -DUSE_HAL_DRIVER -DSTM32F446xx -I"D:/Users/Tyler/Documents/GitHub/oil_lamp/mcu/Inc" -I"D:/Users/Tyler/Documents/GitHub/oil_lamp/mcu/Drivers/STM32F4xx_HAL_Driver/Inc" -I"D:/Users/Tyler/Documents/GitHub/oil_lamp/mcu/Drivers/STM32F4xx_HAL_Driver/Inc/Legacy" -I"D:/Users/Tyler/Documents/GitHub/oil_lamp/mcu/Middlewares/Third_Party/FreeRTOS/Source/include" -I"D:/Users/Tyler/Documents/GitHub/oil_lamp/mcu/Middlewares/Third_Party/FreeRTOS/Source/CMSIS_RTOS" -I"D:/Users/Tyler/Documents/GitHub/oil_lamp/mcu/Middlewares/Third_Party/FreeRTOS/Source/portable/GCC/ARM_CM4F" -I"D:/Users/Tyler/Documents/GitHub/oil_lamp/mcu/Drivers/CMSIS/Device/ST/STM32F4xx/Include" -I"D:/Users/Tyler/Documents/GitHub/oil_lamp/mcu/Drivers/CMSIS/Include"  -Og -g3 -Wall -fmessage-length=0 -ffunction-sections -c -fmessage-length=0 -MMD -MP -MF"Src/dma.d" -MT"Src/dma.o" -o "Src/dma.o" "../Src/dma.c"
D:\Users\Tyler\Documents\GitHub\oil_lamp\mcu\Debug
Building file: ../Src/gpio.c
arm-none-eabi-gcc -mcpu=cortex-m4 -mthumb -mfloat-abi=hard -mfpu=fpv4-sp-d16 '-D__weak=__attribute__((weak))' '-D__packed=__attribute__((__packed__))' -DUSE_HAL_DRIVER -DSTM32F446xx -I"D:/Users/Tyler/Documents/GitHub/oil_lamp/mcu/Inc" -I"D:/Users/Tyler/Documents/GitHub/oil_lamp/mcu/Drivers/STM32F4xx_HAL_Driver/Inc" -I"D:/Users/Tyler/Documents/GitHub/oil_lamp/mcu/Drivers/STM32F4xx_HAL_Driver/Inc/Legacy" -I"D:/Users/Tyler/Documents/GitHub/oil_lamp/mcu/Middlewares/Third_Party/FreeRTOS/Source/include" -I"D:/Users/Tyler/Documents/GitHub/oil_lamp/mcu/Middlewares/Third_Party/FreeRTOS/Source/CMSIS_RTOS" -I"D:/Users/Tyler/Documents/GitHub/oil_lamp/mcu/Middlewares/Third_Party/FreeRTOS/Source/portable/GCC/ARM_CM4F" -I"D:/Users/Tyler/Documents/GitHub/oil_lamp/mcu/Drivers/CMSIS/Device/ST/STM32F4xx/Include" -I"D:/Users/Tyler/Documents/GitHub/oil_lamp/mcu/Drivers/CMSIS/Include"  -Og -g3 -Wall -fmessage-length=0 -ffunction-sections -c -fmessage-length=0 -MMD -MP -MF"Src/freertos.d" -MT"Src/freertos.o" -o "Src/freertos.o" "../Src/freertos.c"
Building file: ../Src/i2c.c
Invoking: MCU GCC Compiler
Invoking: MCU GCC Compiler
Building file: ../Src/main.c
Building file: ../Src/stm32f4xx_hal_msp.c
D:\Users\Tyler\Documents\GitHub\oil_lamp\mcu\Debug
D:\Users\Tyler\Documents\GitHub\oil_lamp\mcu\Debug
arm-none-eabi-gcc -mcpu=cortex-m4 -mthumb -mfloat-abi=hard -mfpu=fpv4-sp-d16 '-D__weak=__attribute__((weak))' '-D__packed=__attribute__((__packed__))' -DUSE_HAL_DRIVER -DSTM32F446xx -I"D:/Users/Tyler/Documents/GitHub/oil_lamp/mcu/Inc" -I"D:/Users/Tyler/Documents/GitHub/oil_lamp/mcu/Drivers/STM32F4xx_HAL_Driver/Inc" -I"D:/Users/Tyler/Documents/GitHub/oil_lamp/mcu/Drivers/STM32F4xx_HAL_Driver/Inc/Legacy" -I"D:/Users/Tyler/Documents/GitHub/oil_lamp/mcu/Middlewares/Third_Party/FreeRTOS/Source/include" -I"D:/Users/Tyler/Documents/GitHub/oil_lamp/mcu/Middlewares/Third_Party/FreeRTOS/Source/CMSIS_RTOS" -I"D:/Users/Tyler/Documents/GitHub/oil_lamp/mcu/Middlewares/Third_Party/FreeRTOS/Source/portable/GCC/ARM_CM4F" -I"D:/Users/Tyler/Documents/GitHub/oil_lamp/mcu/Drivers/CMSIS/Device/ST/STM32F4xx/Include" -I"D:/Users/Tyler/Documents/GitHub/oil_lamp/mcu/Drivers/CMSIS/Include"  -Og -g3 -Wall -fmessage-length=0 -ffunction-sections -c -fmessage-length=0 -MMD -MP -MF"Src/gpio.d" -MT"Src/gpio.o" -o "Src/gpio.o" "../Src/gpio.c"
Invoking: MCU GCC Compiler
arm-none-eabi-gcc -mcpu=cortex-m4 -mthumb -mfloat-abi=hard -mfpu=fpv4-sp-d16 '-D__weak=__attribute__((weak))' '-D__packed=__attribute__((__packed__))' -DUSE_HAL_DRIVER -DSTM32F446xx -I"D:/Users/Tyler/Documents/GitHub/oil_lamp/mcu/Inc" -I"D:/Users/Tyler/Documents/GitHub/oil_lamp/mcu/Drivers/STM32F4xx_HAL_Driver/Inc" -I"D:/Users/Tyler/Documents/GitHub/oil_lamp/mcu/Drivers/STM32F4xx_HAL_Driver/Inc/Legacy" -I"D:/Users/Tyler/Documents/GitHub/oil_lamp/mcu/Middlewares/Third_Party/FreeRTOS/Source/include" -I"D:/Users/Tyler/Documents/GitHub/oil_lamp/mcu/Middlewares/Third_Party/FreeRTOS/Source/CMSIS_RTOS" -I"D:/Users/Tyler/Documents/GitHub/oil_lamp/mcu/Middlewares/Third_Party/FreeRTOS/Source/portable/GCC/ARM_CM4F" -I"D:/Users/Tyler/Documents/GitHub/oil_lamp/mcu/Drivers/CMSIS/Device/ST/STM32F4xx/Include" -I"D:/Users/Tyler/Documents/GitHub/oil_lamp/mcu/Drivers/CMSIS/Include"  -Og -g3 -Wall -fmessage-length=0 -ffunction-sections -c -fmessage-length=0 -MMD -MP -MF"Src/i2c.d" -MT"Src/i2c.o" -o "Src/i2c.o" "../Src/i2c.c"
Invoking: MCU GCC Compiler
D:\Users\Tyler\Documents\GitHub\oil_lamp\mcu\Debug
arm-none-eabi-gcc -mcpu=cortex-m4 -mthumb -mfloat-abi=hard -mfpu=fpv4-sp-d16 '-D__weak=__attribute__((weak))' '-D__packed=__attribute__((__packed__))' -DUSE_HAL_DRIVER -DSTM32F446xx -I"D:/Users/Tyler/Documents/GitHub/oil_lamp/mcu/Inc" -I"D:/Users/Tyler/Documents/GitHub/oil_lamp/mcu/Drivers/STM32F4xx_HAL_Driver/Inc" -I"D:/Users/Tyler/Documents/GitHub/oil_lamp/mcu/Drivers/STM32F4xx_HAL_Driver/Inc/Legacy" -I"D:/Users/Tyler/Documents/GitHub/oil_lamp/mcu/Middlewares/Third_Party/FreeRTOS/Source/include" -I"D:/Users/Tyler/Documents/GitHub/oil_lamp/mcu/Middlewares/Third_Party/FreeRTOS/Source/CMSIS_RTOS" -I"D:/Users/Tyler/Documents/GitHub/oil_lamp/mcu/Middlewares/Third_Party/FreeRTOS/Source/portable/GCC/ARM_CM4F" -I"D:/Users/Tyler/Documents/GitHub/oil_lamp/mcu/Drivers/CMSIS/Device/ST/STM32F4xx/Include" -I"D:/Users/Tyler/Documents/GitHub/oil_lamp/mcu/Drivers/CMSIS/Include"  -Og -g3 -Wall -fmessage-length=0 -ffunction-sections -c -fmessage-length=0 -MMD -MP -MF"Src/main.d" -MT"Src/main.o" -o "Src/main.o" "../Src/main.c"
D:\Users\Tyler\Documents\GitHub\oil_lamp\mcu\Debug
arm-none-eabi-gcc -mcpu=cortex-m4 -mthumb -mfloat-abi=hard -mfpu=fpv4-sp-d16 '-D__weak=__attribute__((weak))' '-D__packed=__attribute__((__packed__))' -DUSE_HAL_DRIVER -DSTM32F446xx -I"D:/Users/Tyler/Documents/GitHub/oil_lamp/mcu/Inc" -I"D:/Users/Tyler/Documents/GitHub/oil_lamp/mcu/Drivers/STM32F4xx_HAL_Driver/Inc" -I"D:/Users/Tyler/Documents/GitHub/oil_lamp/mcu/Drivers/STM32F4xx_HAL_Driver/Inc/Legacy" -I"D:/Users/Tyler/Documents/GitHub/oil_lamp/mcu/Middlewares/Third_Party/FreeRTOS/Source/include" -I"D:/Users/Tyler/Documents/GitHub/oil_lamp/mcu/Middlewares/Third_Party/FreeRTOS/Source/CMSIS_RTOS" -I"D:/Users/Tyler/Documents/GitHub/oil_lamp/mcu/Middlewares/Third_Party/FreeRTOS/Source/portable/GCC/ARM_CM4F" -I"D:/Users/Tyler/Documents/GitHub/oil_lamp/mcu/Drivers/CMSIS/Device/ST/STM32F4xx/Include" -I"D:/Users/Tyler/Documents/GitHub/oil_lamp/mcu/Drivers/CMSIS/Include"  -Og -g3 -Wall -fmessage-length=0 -ffunction-sections -c -fmessage-length=0 -MMD -MP -MF"Src/stm32f4xx_hal_msp.d" -MT"Src/stm32f4xx_hal_msp.o" -o "Src/stm32f4xx_hal_msp.o" "../Src/stm32f4xx_hal_msp.c"
../Src/freertos.c: In function 'StartImuBaseTask':
../Src/freertos.c:218:15: warning: unused variable 'theta_base' [-Wunused-variable]
         float theta_base = cFilt_update(
               ^~~~~~~~~~
../Src/freertos.c: In function 'StartImuLampTask':
../Src/freertos.c:250:15: warning: unused variable 'theta_lamp' [-Wunused-variable]
         float theta_lamp = cFilt_update(
               ^~~~~~~~~~
Finished building: ../Src/dma.c
 
Finished building: ../Src/MPU6050/MPU6050.c
Finished building: ../Src/App/sensing.c
Finished building: ../Src/gpio.c
Building file: ../Src/stm32f4xx_hal_timebase_tim.c
 
Finished building: ../Src/freertos.c
 
 
Finished building: ../Src/i2c.c
Invoking: MCU GCC Compiler
 
Building file: ../Src/stm32f4xx_it.c
Finished building: ../Src/stm32f4xx_hal_msp.c
 
D:\Users\Tyler\Documents\GitHub\oil_lamp\mcu\Debug
Invoking: MCU GCC Compiler
arm-none-eabi-gcc -mcpu=cortex-m4 -mthumb -mfloat-abi=hard -mfpu=fpv4-sp-d16 '-D__weak=__attribute__((weak))' '-D__packed=__attribute__((__packed__))' -DUSE_HAL_DRIVER -DSTM32F446xx -I"D:/Users/Tyler/Documents/GitHub/oil_lamp/mcu/Inc" -I"D:/Users/Tyler/Documents/GitHub/oil_lamp/mcu/Drivers/STM32F4xx_HAL_Driver/Inc" -I"D:/Users/Tyler/Documents/GitHub/oil_lamp/mcu/Drivers/STM32F4xx_HAL_Driver/Inc/Legacy" -I"D:/Users/Tyler/Documents/GitHub/oil_lamp/mcu/Middlewares/Third_Party/FreeRTOS/Source/include" -I"D:/Users/Tyler/Documents/GitHub/oil_lamp/mcu/Middlewares/Third_Party/FreeRTOS/Source/CMSIS_RTOS" -I"D:/Users/Tyler/Documents/GitHub/oil_lamp/mcu/Middlewares/Third_Party/FreeRTOS/Source/portable/GCC/ARM_CM4F" -I"D:/Users/Tyler/Documents/GitHub/oil_lamp/mcu/Drivers/CMSIS/Device/ST/STM32F4xx/Include" -I"D:/Users/Tyler/Documents/GitHub/oil_lamp/mcu/Drivers/CMSIS/Include"  -Og -g3 -Wall -fmessage-length=0 -ffunction-sections -c -fmessage-length=0 -MMD -MP -MF"Src/stm32f4xx_hal_timebase_tim.d" -MT"Src/stm32f4xx_hal_timebase_tim.o" -o "Src/stm32f4xx_hal_timebase_tim.o" "../Src/stm32f4xx_hal_timebase_tim.c"
 
Building file: ../Src/system_stm32f4xx.c
D:\Users\Tyler\Documents\GitHub\oil_lamp\mcu\Debug
Finished building: ../Src/main.c
arm-none-eabi-gcc -mcpu=cortex-m4 -mthumb -mfloat-abi=hard -mfpu=fpv4-sp-d16 '-D__weak=__attribute__((weak))' '-D__packed=__attribute__((__packed__))' -DUSE_HAL_DRIVER -DSTM32F446xx -I"D:/Users/Tyler/Documents/GitHub/oil_lamp/mcu/Inc" -I"D:/Users/Tyler/Documents/GitHub/oil_lamp/mcu/Drivers/STM32F4xx_HAL_Driver/Inc" -I"D:/Users/Tyler/Documents/GitHub/oil_lamp/mcu/Drivers/STM32F4xx_HAL_Driver/Inc/Legacy" -I"D:/Users/Tyler/Documents/GitHub/oil_lamp/mcu/Middlewares/Third_Party/FreeRTOS/Source/include" -I"D:/Users/Tyler/Documents/GitHub/oil_lamp/mcu/Middlewares/Third_Party/FreeRTOS/Source/CMSIS_RTOS" -I"D:/Users/Tyler/Documents/GitHub/oil_lamp/mcu/Middlewares/Third_Party/FreeRTOS/Source/portable/GCC/ARM_CM4F" -I"D:/Users/Tyler/Documents/GitHub/oil_lamp/mcu/Drivers/CMSIS/Device/ST/STM32F4xx/Include" -I"D:/Users/Tyler/Documents/GitHub/oil_lamp/mcu/Drivers/CMSIS/Include"  -Og -g3 -Wall -fmessage-length=0 -ffunction-sections -c -fmessage-length=0 -MMD -MP -MF"Src/stm32f4xx_it.d" -MT"Src/stm32f4xx_it.o" -o "Src/stm32f4xx_it.o" "../Src/stm32f4xx_it.c"
Invoking: MCU GCC Compiler
Building file: ../Src/usart.c
 
D:\Users\Tyler\Documents\GitHub\oil_lamp\mcu\Debug
arm-none-eabi-gcc -mcpu=cortex-m4 -mthumb -mfloat-abi=hard -mfpu=fpv4-sp-d16 '-D__weak=__attribute__((weak))' '-D__packed=__attribute__((__packed__))' -DUSE_HAL_DRIVER -DSTM32F446xx -I"D:/Users/Tyler/Documents/GitHub/oil_lamp/mcu/Inc" -I"D:/Users/Tyler/Documents/GitHub/oil_lamp/mcu/Drivers/STM32F4xx_HAL_Driver/Inc" -I"D:/Users/Tyler/Documents/GitHub/oil_lamp/mcu/Drivers/STM32F4xx_HAL_Driver/Inc/Legacy" -I"D:/Users/Tyler/Documents/GitHub/oil_lamp/mcu/Middlewares/Third_Party/FreeRTOS/Source/include" -I"D:/Users/Tyler/Documents/GitHub/oil_lamp/mcu/Middlewares/Third_Party/FreeRTOS/Source/CMSIS_RTOS" -I"D:/Users/Tyler/Documents/GitHub/oil_lamp/mcu/Middlewares/Third_Party/FreeRTOS/Source/portable/GCC/ARM_CM4F" -I"D:/Users/Tyler/Documents/GitHub/oil_lamp/mcu/Drivers/CMSIS/Device/ST/STM32F4xx/Include" -I"D:/Users/Tyler/Documents/GitHub/oil_lamp/mcu/Drivers/CMSIS/Include"  -Og -g3 -Wall -fmessage-length=0 -ffunction-sections -c -fmessage-length=0 -MMD -MP -MF"Src/system_stm32f4xx.d" -MT"Src/system_stm32f4xx.o" -o "Src/system_stm32f4xx.o" "../Src/system_stm32f4xx.c"
Invoking: MCU GCC Compiler
Building file: ../Middlewares/Third_Party/FreeRTOS/Source/portable/GCC/ARM_CM4F/port.c
D:\Users\Tyler\Documents\GitHub\oil_lamp\mcu\Debug
Invoking: MCU GCC Compiler
Building file: ../Middlewares/Third_Party/FreeRTOS/Source/CMSIS_RTOS/cmsis_os.c
arm-none-eabi-gcc -mcpu=cortex-m4 -mthumb -mfloat-abi=hard -mfpu=fpv4-sp-d16 '-D__weak=__attribute__((weak))' '-D__packed=__attribute__((__packed__))' -DUSE_HAL_DRIVER -DSTM32F446xx -I"D:/Users/Tyler/Documents/GitHub/oil_lamp/mcu/Inc" -I"D:/Users/Tyler/Documents/GitHub/oil_lamp/mcu/Drivers/STM32F4xx_HAL_Driver/Inc" -I"D:/Users/Tyler/Documents/GitHub/oil_lamp/mcu/Drivers/STM32F4xx_HAL_Driver/Inc/Legacy" -I"D:/Users/Tyler/Documents/GitHub/oil_lamp/mcu/Middlewares/Third_Party/FreeRTOS/Source/include" -I"D:/Users/Tyler/Documents/GitHub/oil_lamp/mcu/Middlewares/Third_Party/FreeRTOS/Source/CMSIS_RTOS" -I"D:/Users/Tyler/Documents/GitHub/oil_lamp/mcu/Middlewares/Third_Party/FreeRTOS/Source/portable/GCC/ARM_CM4F" -I"D:/Users/Tyler/Documents/GitHub/oil_lamp/mcu/Drivers/CMSIS/Device/ST/STM32F4xx/Include" -I"D:/Users/Tyler/Documents/GitHub/oil_lamp/mcu/Drivers/CMSIS/Include"  -Og -g3 -Wall -fmessage-length=0 -ffunction-sections -c -fmessage-length=0 -MMD -MP -MF"Src/usart.d" -MT"Src/usart.o" -o "Src/usart.o" "../Src/usart.c"
Building file: ../Middlewares/Third_Party/FreeRTOS/Source/croutine.c
D:\Users\Tyler\Documents\GitHub\oil_lamp\mcu\Debug
arm-none-eabi-gcc -mcpu=cortex-m4 -mthumb -mfloat-abi=hard -mfpu=fpv4-sp-d16 '-D__weak=__attribute__((weak))' '-D__packed=__attribute__((__packed__))' -DUSE_HAL_DRIVER -DSTM32F446xx -I"D:/Users/Tyler/Documents/GitHub/oil_lamp/mcu/Inc" -I"D:/Users/Tyler/Documents/GitHub/oil_lamp/mcu/Drivers/STM32F4xx_HAL_Driver/Inc" -I"D:/Users/Tyler/Documents/GitHub/oil_lamp/mcu/Drivers/STM32F4xx_HAL_Driver/Inc/Legacy" -I"D:/Users/Tyler/Documents/GitHub/oil_lamp/mcu/Middlewares/Third_Party/FreeRTOS/Source/include" -I"D:/Users/Tyler/Documents/GitHub/oil_lamp/mcu/Middlewares/Third_Party/FreeRTOS/Source/CMSIS_RTOS" -I"D:/Users/Tyler/Documents/GitHub/oil_lamp/mcu/Middlewares/Third_Party/FreeRTOS/Source/portable/GCC/ARM_CM4F" -I"D:/Users/Tyler/Documents/GitHub/oil_lamp/mcu/Drivers/CMSIS/Device/ST/STM32F4xx/Include" -I"D:/Users/Tyler/Documents/GitHub/oil_lamp/mcu/Drivers/CMSIS/Include"  -Og -g3 -Wall -fmessage-length=0 -ffunction-sections -c -fmessage-length=0 -MMD -MP -MF"Middlewares/Third_Party/FreeRTOS/Source/portable/GCC/ARM_CM4F/port.d" -MT"Middlewares/Third_Party/FreeRTOS/Source/portable/GCC/ARM_CM4F/port.o" -o "Middlewares/Third_Party/FreeRTOS/Source/portable/GCC/ARM_CM4F/port.o" "../Middlewares/Third_Party/FreeRTOS/Source/portable/GCC/ARM_CM4F/port.c"
Invoking: MCU GCC Compiler
Invoking: MCU GCC Compiler
Building file: ../Middlewares/Third_Party/FreeRTOS/Source/event_groups.c
D:\Users\Tyler\Documents\GitHub\oil_lamp\mcu\Debug
arm-none-eabi-gcc -mcpu=cortex-m4 -mthumb -mfloat-abi=hard -mfpu=fpv4-sp-d16 '-D__weak=__attribute__((weak))' '-D__packed=__attribute__((__packed__))' -DUSE_HAL_DRIVER -DSTM32F446xx -I"D:/Users/Tyler/Documents/GitHub/oil_lamp/mcu/Inc" -I"D:/Users/Tyler/Documents/GitHub/oil_lamp/mcu/Drivers/STM32F4xx_HAL_Driver/Inc" -I"D:/Users/Tyler/Documents/GitHub/oil_lamp/mcu/Drivers/STM32F4xx_HAL_Driver/Inc/Legacy" -I"D:/Users/Tyler/Documents/GitHub/oil_lamp/mcu/Middlewares/Third_Party/FreeRTOS/Source/include" -I"D:/Users/Tyler/Documents/GitHub/oil_lamp/mcu/Middlewares/Third_Party/FreeRTOS/Source/CMSIS_RTOS" -I"D:/Users/Tyler/Documents/GitHub/oil_lamp/mcu/Middlewares/Third_Party/FreeRTOS/Source/portable/GCC/ARM_CM4F" -I"D:/Users/Tyler/Documents/GitHub/oil_lamp/mcu/Drivers/CMSIS/Device/ST/STM32F4xx/Include" -I"D:/Users/Tyler/Documents/GitHub/oil_lamp/mcu/Drivers/CMSIS/Include"  -Og -g3 -Wall -fmessage-length=0 -ffunction-sections -c -fmessage-length=0 -MMD -MP -MF"Middlewares/Third_Party/FreeRTOS/Source/CMSIS_RTOS/cmsis_os.d" -MT"Middlewares/Third_Party/FreeRTOS/Source/CMSIS_RTOS/cmsis_os.o" -o "Middlewares/Third_Party/FreeRTOS/Source/CMSIS_RTOS/cmsis_os.o" "../Middlewares/Third_Party/FreeRTOS/Source/CMSIS_RTOS/cmsis_os.c"
D:\Users\Tyler\Documents\GitHub\oil_lamp\mcu\Debug
arm-none-eabi-gcc -mcpu=cortex-m4 -mthumb -mfloat-abi=hard -mfpu=fpv4-sp-d16 '-D__weak=__attribute__((weak))' '-D__packed=__attribute__((__packed__))' -DUSE_HAL_DRIVER -DSTM32F446xx -I"D:/Users/Tyler/Documents/GitHub/oil_lamp/mcu/Inc" -I"D:/Users/Tyler/Documents/GitHub/oil_lamp/mcu/Drivers/STM32F4xx_HAL_Driver/Inc" -I"D:/Users/Tyler/Documents/GitHub/oil_lamp/mcu/Drivers/STM32F4xx_HAL_Driver/Inc/Legacy" -I"D:/Users/Tyler/Documents/GitHub/oil_lamp/mcu/Middlewares/Third_Party/FreeRTOS/Source/include" -I"D:/Users/Tyler/Documents/GitHub/oil_lamp/mcu/Middlewares/Third_Party/FreeRTOS/Source/CMSIS_RTOS" -I"D:/Users/Tyler/Documents/GitHub/oil_lamp/mcu/Middlewares/Third_Party/FreeRTOS/Source/portable/GCC/ARM_CM4F" -I"D:/Users/Tyler/Documents/GitHub/oil_lamp/mcu/Drivers/CMSIS/Device/ST/STM32F4xx/Include" -I"D:/Users/Tyler/Documents/GitHub/oil_lamp/mcu/Drivers/CMSIS/Include"  -Og -g3 -Wall -fmessage-length=0 -ffunction-sections -c -fmessage-length=0 -MMD -MP -MF"Middlewares/Third_Party/FreeRTOS/Source/croutine.d" -MT"Middlewares/Third_Party/FreeRTOS/Source/croutine.o" -o "Middlewares/Third_Party/FreeRTOS/Source/croutine.o" "../Middlewares/Third_Party/FreeRTOS/Source/croutine.c"
Invoking: MCU GCC Compiler
D:\Users\Tyler\Documents\GitHub\oil_lamp\mcu\Debug
arm-none-eabi-gcc -mcpu=cortex-m4 -mthumb -mfloat-abi=hard -mfpu=fpv4-sp-d16 '-D__weak=__attribute__((weak))' '-D__packed=__attribute__((__packed__))' -DUSE_HAL_DRIVER -DSTM32F446xx -I"D:/Users/Tyler/Documents/GitHub/oil_lamp/mcu/Inc" -I"D:/Users/Tyler/Documents/GitHub/oil_lamp/mcu/Drivers/STM32F4xx_HAL_Driver/Inc" -I"D:/Users/Tyler/Documents/GitHub/oil_lamp/mcu/Drivers/STM32F4xx_HAL_Driver/Inc/Legacy" -I"D:/Users/Tyler/Documents/GitHub/oil_lamp/mcu/Middlewares/Third_Party/FreeRTOS/Source/include" -I"D:/Users/Tyler/Documents/GitHub/oil_lamp/mcu/Middlewares/Third_Party/FreeRTOS/Source/CMSIS_RTOS" -I"D:/Users/Tyler/Documents/GitHub/oil_lamp/mcu/Middlewares/Third_Party/FreeRTOS/Source/portable/GCC/ARM_CM4F" -I"D:/Users/Tyler/Documents/GitHub/oil_lamp/mcu/Drivers/CMSIS/Device/ST/STM32F4xx/Include" -I"D:/Users/Tyler/Documents/GitHub/oil_lamp/mcu/Drivers/CMSIS/Include"  -Og -g3 -Wall -fmessage-length=0 -ffunction-sections -c -fmessage-length=0 -MMD -MP -MF"Middlewares/Third_Party/FreeRTOS/Source/event_groups.d" -MT"Middlewares/Third_Party/FreeRTOS/Source/event_groups.o" -o "Middlewares/Third_Party/FreeRTOS/Source/event_groups.o" "../Middlewares/Third_Party/FreeRTOS/Source/event_groups.c"
Finished building: ../Middlewares/Third_Party/FreeRTOS/Source/portable/GCC/ARM_CM4F/port.c
Finished building: ../Middlewares/Third_Party/FreeRTOS/Source/croutine.c
 
 
Building file: ../Middlewares/Third_Party/FreeRTOS/Source/list.c
Building file: ../Middlewares/Third_Party/FreeRTOS/Source/queue.c
Invoking: MCU GCC Compiler
Invoking: MCU GCC Compiler
D:\Users\Tyler\Documents\GitHub\oil_lamp\mcu\Debug
arm-none-eabi-gcc -mcpu=cortex-m4 -mthumb -mfloat-abi=hard -mfpu=fpv4-sp-d16 '-D__weak=__attribute__((weak))' '-D__packed=__attribute__((__packed__))' -DUSE_HAL_DRIVER -DSTM32F446xx -I"D:/Users/Tyler/Documents/GitHub/oil_lamp/mcu/Inc" -I"D:/Users/Tyler/Documents/GitHub/oil_lamp/mcu/Drivers/STM32F4xx_HAL_Driver/Inc" -I"D:/Users/Tyler/Documents/GitHub/oil_lamp/mcu/Drivers/STM32F4xx_HAL_Driver/Inc/Legacy" -I"D:/Users/Tyler/Documents/GitHub/oil_lamp/mcu/Middlewares/Third_Party/FreeRTOS/Source/include" -I"D:/Users/Tyler/Documents/GitHub/oil_lamp/mcu/Middlewares/Third_Party/FreeRTOS/Source/CMSIS_RTOS" -I"D:/Users/Tyler/Documents/GitHub/oil_lamp/mcu/Middlewares/Third_Party/FreeRTOS/Source/portable/GCC/ARM_CM4F" -I"D:/Users/Tyler/Documents/GitHub/oil_lamp/mcu/Drivers/CMSIS/Device/ST/STM32F4xx/Include" -I"D:/Users/Tyler/Documents/GitHub/oil_lamp/mcu/Drivers/CMSIS/Include"  -Og -g3 -Wall -fmessage-length=0 -ffunction-sections -c -fmessage-length=0 -MMD -MP -MF"Middlewares/Third_Party/FreeRTOS/Source/list.d" -MT"Middlewares/Third_Party/FreeRTOS/Source/list.o" -o "Middlewares/Third_Party/FreeRTOS/Source/list.o" "../Middlewares/Third_Party/FreeRTOS/Source/list.c"
D:\Users\Tyler\Documents\GitHub\oil_lamp\mcu\Debug
arm-none-eabi-gcc -mcpu=cortex-m4 -mthumb -mfloat-abi=hard -mfpu=fpv4-sp-d16 '-D__weak=__attribute__((weak))' '-D__packed=__attribute__((__packed__))' -DUSE_HAL_DRIVER -DSTM32F446xx -I"D:/Users/Tyler/Documents/GitHub/oil_lamp/mcu/Inc" -I"D:/Users/Tyler/Documents/GitHub/oil_lamp/mcu/Drivers/STM32F4xx_HAL_Driver/Inc" -I"D:/Users/Tyler/Documents/GitHub/oil_lamp/mcu/Drivers/STM32F4xx_HAL_Driver/Inc/Legacy" -I"D:/Users/Tyler/Documents/GitHub/oil_lamp/mcu/Middlewares/Third_Party/FreeRTOS/Source/include" -I"D:/Users/Tyler/Documents/GitHub/oil_lamp/mcu/Middlewares/Third_Party/FreeRTOS/Source/CMSIS_RTOS" -I"D:/Users/Tyler/Documents/GitHub/oil_lamp/mcu/Middlewares/Third_Party/FreeRTOS/Source/portable/GCC/ARM_CM4F" -I"D:/Users/Tyler/Documents/GitHub/oil_lamp/mcu/Drivers/CMSIS/Device/ST/STM32F4xx/Include" -I"D:/Users/Tyler/Documents/GitHub/oil_lamp/mcu/Drivers/CMSIS/Include"  -Og -g3 -Wall -fmessage-length=0 -ffunction-sections -c -fmessage-length=0 -MMD -MP -MF"Middlewares/Third_Party/FreeRTOS/Source/queue.d" -MT"Middlewares/Third_Party/FreeRTOS/Source/queue.o" -o "Middlewares/Third_Party/FreeRTOS/Source/queue.o" "../Middlewares/Third_Party/FreeRTOS/Source/queue.c"
Finished building: ../Src/stm32f4xx_hal_timebase_tim.c
Finished building: ../Middlewares/Third_Party/FreeRTOS/Source/CMSIS_RTOS/cmsis_os.c
Finished building: ../Middlewares/Third_Party/FreeRTOS/Source/event_groups.c
 
 
 
Building file: ../Middlewares/Third_Party/FreeRTOS/Source/stream_buffer.c
Finished building: ../Src/stm32f4xx_it.c
Finished building: ../Src/system_stm32f4xx.c
Invoking: MCU GCC Compiler
Building file: ../Middlewares/Third_Party/FreeRTOS/Source/tasks.c
 
 
D:\Users\Tyler\Documents\GitHub\oil_lamp\mcu\Debug
Invoking: MCU GCC Compiler
arm-none-eabi-gcc -mcpu=cortex-m4 -mthumb -mfloat-abi=hard -mfpu=fpv4-sp-d16 '-D__weak=__attribute__((weak))' '-D__packed=__attribute__((__packed__))' -DUSE_HAL_DRIVER -DSTM32F446xx -I"D:/Users/Tyler/Documents/GitHub/oil_lamp/mcu/Inc" -I"D:/Users/Tyler/Documents/GitHub/oil_lamp/mcu/Drivers/STM32F4xx_HAL_Driver/Inc" -I"D:/Users/Tyler/Documents/GitHub/oil_lamp/mcu/Drivers/STM32F4xx_HAL_Driver/Inc/Legacy" -I"D:/Users/Tyler/Documents/GitHub/oil_lamp/mcu/Middlewares/Third_Party/FreeRTOS/Source/include" -I"D:/Users/Tyler/Documents/GitHub/oil_lamp/mcu/Middlewares/Third_Party/FreeRTOS/Source/CMSIS_RTOS" -I"D:/Users/Tyler/Documents/GitHub/oil_lamp/mcu/Middlewares/Third_Party/FreeRTOS/Source/portable/GCC/ARM_CM4F" -I"D:/Users/Tyler/Documents/GitHub/oil_lamp/mcu/Drivers/CMSIS/Device/ST/STM32F4xx/Include" -I"D:/Users/Tyler/Documents/GitHub/oil_lamp/mcu/Drivers/CMSIS/Include"  -Og -g3 -Wall -fmessage-length=0 -ffunction-sections -c -fmessage-length=0 -MMD -MP -MF"Middlewares/Third_Party/FreeRTOS/Source/stream_buffer.d" -MT"Middlewares/Third_Party/FreeRTOS/Source/stream_buffer.o" -o "Middlewares/Third_Party/FreeRTOS/Source/stream_buffer.o" "../Middlewares/Third_Party/FreeRTOS/Source/stream_buffer.c"
Building file: ../Middlewares/Third_Party/FreeRTOS/Source/timers.c
D:\Users\Tyler\Documents\GitHub\oil_lamp\mcu\Debug
Invoking: MCU GCC Compiler
arm-none-eabi-gcc -mcpu=cortex-m4 -mthumb -mfloat-abi=hard -mfpu=fpv4-sp-d16 '-D__weak=__attribute__((weak))' '-D__packed=__attribute__((__packed__))' -DUSE_HAL_DRIVER -DSTM32F446xx -I"D:/Users/Tyler/Documents/GitHub/oil_lamp/mcu/Inc" -I"D:/Users/Tyler/Documents/GitHub/oil_lamp/mcu/Drivers/STM32F4xx_HAL_Driver/Inc" -I"D:/Users/Tyler/Documents/GitHub/oil_lamp/mcu/Drivers/STM32F4xx_HAL_Driver/Inc/Legacy" -I"D:/Users/Tyler/Documents/GitHub/oil_lamp/mcu/Middlewares/Third_Party/FreeRTOS/Source/include" -I"D:/Users/Tyler/Documents/GitHub/oil_lamp/mcu/Middlewares/Third_Party/FreeRTOS/Source/CMSIS_RTOS" -I"D:/Users/Tyler/Documents/GitHub/oil_lamp/mcu/Middlewares/Third_Party/FreeRTOS/Source/portable/GCC/ARM_CM4F" -I"D:/Users/Tyler/Documents/GitHub/oil_lamp/mcu/Drivers/CMSIS/Device/ST/STM32F4xx/Include" -I"D:/Users/Tyler/Documents/GitHub/oil_lamp/mcu/Drivers/CMSIS/Include"  -Og -g3 -Wall -fmessage-length=0 -ffunction-sections -c -fmessage-length=0 -MMD -MP -MF"Middlewares/Third_Party/FreeRTOS/Source/tasks.d" -MT"Middlewares/Third_Party/FreeRTOS/Source/tasks.o" -o "Middlewares/Third_Party/FreeRTOS/Source/tasks.o" "../Middlewares/Third_Party/FreeRTOS/Source/tasks.c"
Finished building: ../Src/usart.c
Building file: ../Drivers/STM32F4xx_HAL_Driver/Src/stm32f4xx_hal.c
D:\Users\Tyler\Documents\GitHub\oil_lamp\mcu\Debug
 
arm-none-eabi-gcc -mcpu=cortex-m4 -mthumb -mfloat-abi=hard -mfpu=fpv4-sp-d16 '-D__weak=__attribute__((weak))' '-D__packed=__attribute__((__packed__))' -DUSE_HAL_DRIVER -DSTM32F446xx -I"D:/Users/Tyler/Documents/GitHub/oil_lamp/mcu/Inc" -I"D:/Users/Tyler/Documents/GitHub/oil_lamp/mcu/Drivers/STM32F4xx_HAL_Driver/Inc" -I"D:/Users/Tyler/Documents/GitHub/oil_lamp/mcu/Drivers/STM32F4xx_HAL_Driver/Inc/Legacy" -I"D:/Users/Tyler/Documents/GitHub/oil_lamp/mcu/Middlewares/Third_Party/FreeRTOS/Source/include" -I"D:/Users/Tyler/Documents/GitHub/oil_lamp/mcu/Middlewares/Third_Party/FreeRTOS/Source/CMSIS_RTOS" -I"D:/Users/Tyler/Documents/GitHub/oil_lamp/mcu/Middlewares/Third_Party/FreeRTOS/Source/portable/GCC/ARM_CM4F" -I"D:/Users/Tyler/Documents/GitHub/oil_lamp/mcu/Drivers/CMSIS/Device/ST/STM32F4xx/Include" -I"D:/Users/Tyler/Documents/GitHub/oil_lamp/mcu/Drivers/CMSIS/Include"  -Og -g3 -Wall -fmessage-length=0 -ffunction-sections -c -fmessage-length=0 -MMD -MP -MF"Middlewares/Third_Party/FreeRTOS/Source/timers.d" -MT"Middlewares/Third_Party/FreeRTOS/Source/timers.o" -o "Middlewares/Third_Party/FreeRTOS/Source/timers.o" "../Middlewares/Third_Party/FreeRTOS/Source/timers.c"
Finished building: ../Middlewares/Third_Party/FreeRTOS/Source/list.c
Invoking: MCU GCC Compiler
Building file: ../Drivers/STM32F4xx_HAL_Driver/Src/stm32f4xx_hal_cortex.c
 
D:\Users\Tyler\Documents\GitHub\oil_lamp\mcu\Debug
Building file: ../Drivers/STM32F4xx_HAL_Driver/Src/stm32f4xx_hal_dma.c
arm-none-eabi-gcc -mcpu=cortex-m4 -mthumb -mfloat-abi=hard -mfpu=fpv4-sp-d16 '-D__weak=__attribute__((weak))' '-D__packed=__attribute__((__packed__))' -DUSE_HAL_DRIVER -DSTM32F446xx -I"D:/Users/Tyler/Documents/GitHub/oil_lamp/mcu/Inc" -I"D:/Users/Tyler/Documents/GitHub/oil_lamp/mcu/Drivers/STM32F4xx_HAL_Driver/Inc" -I"D:/Users/Tyler/Documents/GitHub/oil_lamp/mcu/Drivers/STM32F4xx_HAL_Driver/Inc/Legacy" -I"D:/Users/Tyler/Documents/GitHub/oil_lamp/mcu/Middlewares/Third_Party/FreeRTOS/Source/include" -I"D:/Users/Tyler/Documents/GitHub/oil_lamp/mcu/Middlewares/Third_Party/FreeRTOS/Source/CMSIS_RTOS" -I"D:/Users/Tyler/Documents/GitHub/oil_lamp/mcu/Middlewares/Third_Party/FreeRTOS/Source/portable/GCC/ARM_CM4F" -I"D:/Users/Tyler/Documents/GitHub/oil_lamp/mcu/Drivers/CMSIS/Device/ST/STM32F4xx/Include" -I"D:/Users/Tyler/Documents/GitHub/oil_lamp/mcu/Drivers/CMSIS/Include"  -Og -g3 -Wall -fmessage-length=0 -ffunction-sections -c -fmessage-length=0 -MMD -MP -MF"Drivers/STM32F4xx_HAL_Driver/Src/stm32f4xx_hal.d" -MT"Drivers/STM32F4xx_HAL_Driver/Src/stm32f4xx_hal.o" -o "Drivers/STM32F4xx_HAL_Driver/Src/stm32f4xx_hal.o" "../Drivers/STM32F4xx_HAL_Driver/Src/stm32f4xx_hal.c"
Invoking: MCU GCC Compiler
Building file: ../Drivers/STM32F4xx_HAL_Driver/Src/stm32f4xx_hal_dma_ex.c
Invoking: MCU GCC Compiler
D:\Users\Tyler\Documents\GitHub\oil_lamp\mcu\Debug
Invoking: MCU GCC Compiler
arm-none-eabi-gcc -mcpu=cortex-m4 -mthumb -mfloat-abi=hard -mfpu=fpv4-sp-d16 '-D__weak=__attribute__((weak))' '-D__packed=__attribute__((__packed__))' -DUSE_HAL_DRIVER -DSTM32F446xx -I"D:/Users/Tyler/Documents/GitHub/oil_lamp/mcu/Inc" -I"D:/Users/Tyler/Documents/GitHub/oil_lamp/mcu/Drivers/STM32F4xx_HAL_Driver/Inc" -I"D:/Users/Tyler/Documents/GitHub/oil_lamp/mcu/Drivers/STM32F4xx_HAL_Driver/Inc/Legacy" -I"D:/Users/Tyler/Documents/GitHub/oil_lamp/mcu/Middlewares/Third_Party/FreeRTOS/Source/include" -I"D:/Users/Tyler/Documents/GitHub/oil_lamp/mcu/Middlewares/Third_Party/FreeRTOS/Source/CMSIS_RTOS" -I"D:/Users/Tyler/Documents/GitHub/oil_lamp/mcu/Middlewares/Third_Party/FreeRTOS/Source/portable/GCC/ARM_CM4F" -I"D:/Users/Tyler/Documents/GitHub/oil_lamp/mcu/Drivers/CMSIS/Device/ST/STM32F4xx/Include" -I"D:/Users/Tyler/Documents/GitHub/oil_lamp/mcu/Drivers/CMSIS/Include"  -Og -g3 -Wall -fmessage-length=0 -ffunction-sections -c -fmessage-length=0 -MMD -MP -MF"Drivers/STM32F4xx_HAL_Driver/Src/stm32f4xx_hal_cortex.d" -MT"Drivers/STM32F4xx_HAL_Driver/Src/stm32f4xx_hal_cortex.o" -o "Drivers/STM32F4xx_HAL_Driver/Src/stm32f4xx_hal_cortex.o" "../Drivers/STM32F4xx_HAL_Driver/Src/stm32f4xx_hal_cortex.c"
D:\Users\Tyler\Documents\GitHub\oil_lamp\mcu\Debug
arm-none-eabi-gcc -mcpu=cortex-m4 -mthumb -mfloat-abi=hard -mfpu=fpv4-sp-d16 '-D__weak=__attribute__((weak))' '-D__packed=__attribute__((__packed__))' -DUSE_HAL_DRIVER -DSTM32F446xx -I"D:/Users/Tyler/Documents/GitHub/oil_lamp/mcu/Inc" -I"D:/Users/Tyler/Documents/GitHub/oil_lamp/mcu/Drivers/STM32F4xx_HAL_Driver/Inc" -I"D:/Users/Tyler/Documents/GitHub/oil_lamp/mcu/Drivers/STM32F4xx_HAL_Driver/Inc/Legacy" -I"D:/Users/Tyler/Documents/GitHub/oil_lamp/mcu/Middlewares/Third_Party/FreeRTOS/Source/include" -I"D:/Users/Tyler/Documents/GitHub/oil_lamp/mcu/Middlewares/Third_Party/FreeRTOS/Source/CMSIS_RTOS" -I"D:/Users/Tyler/Documents/GitHub/oil_lamp/mcu/Middlewares/Third_Party/FreeRTOS/Source/portable/GCC/ARM_CM4F" -I"D:/Users/Tyler/Documents/GitHub/oil_lamp/mcu/Drivers/CMSIS/Device/ST/STM32F4xx/Include" -I"D:/Users/Tyler/Documents/GitHub/oil_lamp/mcu/Drivers/CMSIS/Include"  -Og -g3 -Wall -fmessage-length=0 -ffunction-sections -c -fmessage-length=0 -MMD -MP -MF"Drivers/STM32F4xx_HAL_Driver/Src/stm32f4xx_hal_dma.d" -MT"Drivers/STM32F4xx_HAL_Driver/Src/stm32f4xx_hal_dma.o" -o "Drivers/STM32F4xx_HAL_Driver/Src/stm32f4xx_hal_dma.o" "../Drivers/STM32F4xx_HAL_Driver/Src/stm32f4xx_hal_dma.c"
D:\Users\Tyler\Documents\GitHub\oil_lamp\mcu\Debug
arm-none-eabi-gcc -mcpu=cortex-m4 -mthumb -mfloat-abi=hard -mfpu=fpv4-sp-d16 '-D__weak=__attribute__((weak))' '-D__packed=__attribute__((__packed__))' -DUSE_HAL_DRIVER -DSTM32F446xx -I"D:/Users/Tyler/Documents/GitHub/oil_lamp/mcu/Inc" -I"D:/Users/Tyler/Documents/GitHub/oil_lamp/mcu/Drivers/STM32F4xx_HAL_Driver/Inc" -I"D:/Users/Tyler/Documents/GitHub/oil_lamp/mcu/Drivers/STM32F4xx_HAL_Driver/Inc/Legacy" -I"D:/Users/Tyler/Documents/GitHub/oil_lamp/mcu/Middlewares/Third_Party/FreeRTOS/Source/include" -I"D:/Users/Tyler/Documents/GitHub/oil_lamp/mcu/Middlewares/Third_Party/FreeRTOS/Source/CMSIS_RTOS" -I"D:/Users/Tyler/Documents/GitHub/oil_lamp/mcu/Middlewares/Third_Party/FreeRTOS/Source/portable/GCC/ARM_CM4F" -I"D:/Users/Tyler/Documents/GitHub/oil_lamp/mcu/Drivers/CMSIS/Device/ST/STM32F4xx/Include" -I"D:/Users/Tyler/Documents/GitHub/oil_lamp/mcu/Drivers/CMSIS/Include"  -Og -g3 -Wall -fmessage-length=0 -ffunction-sections -c -fmessage-length=0 -MMD -MP -MF"Drivers/STM32F4xx_HAL_Driver/Src/stm32f4xx_hal_dma_ex.d" -MT"Drivers/STM32F4xx_HAL_Driver/Src/stm32f4xx_hal_dma_ex.o" -o "Drivers/STM32F4xx_HAL_Driver/Src/stm32f4xx_hal_dma_ex.o" "../Drivers/STM32F4xx_HAL_Driver/Src/stm32f4xx_hal_dma_ex.c"
Finished building: ../Middlewares/Third_Party/FreeRTOS/Source/queue.c
 
Building file: ../Drivers/STM32F4xx_HAL_Driver/Src/stm32f4xx_hal_exti.c
Invoking: MCU GCC Compiler
D:\Users\Tyler\Documents\GitHub\oil_lamp\mcu\Debug
arm-none-eabi-gcc -mcpu=cortex-m4 -mthumb -mfloat-abi=hard -mfpu=fpv4-sp-d16 '-D__weak=__attribute__((weak))' '-D__packed=__attribute__((__packed__))' -DUSE_HAL_DRIVER -DSTM32F446xx -I"D:/Users/Tyler/Documents/GitHub/oil_lamp/mcu/Inc" -I"D:/Users/Tyler/Documents/GitHub/oil_lamp/mcu/Drivers/STM32F4xx_HAL_Driver/Inc" -I"D:/Users/Tyler/Documents/GitHub/oil_lamp/mcu/Drivers/STM32F4xx_HAL_Driver/Inc/Legacy" -I"D:/Users/Tyler/Documents/GitHub/oil_lamp/mcu/Middlewares/Third_Party/FreeRTOS/Source/include" -I"D:/Users/Tyler/Documents/GitHub/oil_lamp/mcu/Middlewares/Third_Party/FreeRTOS/Source/CMSIS_RTOS" -I"D:/Users/Tyler/Documents/GitHub/oil_lamp/mcu/Middlewares/Third_Party/FreeRTOS/Source/portable/GCC/ARM_CM4F" -I"D:/Users/Tyler/Documents/GitHub/oil_lamp/mcu/Drivers/CMSIS/Device/ST/STM32F4xx/Include" -I"D:/Users/Tyler/Documents/GitHub/oil_lamp/mcu/Drivers/CMSIS/Include"  -Og -g3 -Wall -fmessage-length=0 -ffunction-sections -c -fmessage-length=0 -MMD -MP -MF"Drivers/STM32F4xx_HAL_Driver/Src/stm32f4xx_hal_exti.d" -MT"Drivers/STM32F4xx_HAL_Driver/Src/stm32f4xx_hal_exti.o" -o "Drivers/STM32F4xx_HAL_Driver/Src/stm32f4xx_hal_exti.o" "../Drivers/STM32F4xx_HAL_Driver/Src/stm32f4xx_hal_exti.c"
Finished building: ../Middlewares/Third_Party/FreeRTOS/Source/timers.c
Finished building: ../Middlewares/Third_Party/FreeRTOS/Source/stream_buffer.c
 
 
Building file: ../Drivers/STM32F4xx_HAL_Driver/Src/stm32f4xx_hal_flash.c
Building file: ../Drivers/STM32F4xx_HAL_Driver/Src/stm32f4xx_hal_flash_ex.c
Invoking: MCU GCC Compiler
Invoking: MCU GCC Compiler
D:\Users\Tyler\Documents\GitHub\oil_lamp\mcu\Debug
arm-none-eabi-gcc -mcpu=cortex-m4 -mthumb -mfloat-abi=hard -mfpu=fpv4-sp-d16 '-D__weak=__attribute__((weak))' '-D__packed=__attribute__((__packed__))' -DUSE_HAL_DRIVER -DSTM32F446xx -I"D:/Users/Tyler/Documents/GitHub/oil_lamp/mcu/Inc" -I"D:/Users/Tyler/Documents/GitHub/oil_lamp/mcu/Drivers/STM32F4xx_HAL_Driver/Inc" -I"D:/Users/Tyler/Documents/GitHub/oil_lamp/mcu/Drivers/STM32F4xx_HAL_Driver/Inc/Legacy" -I"D:/Users/Tyler/Documents/GitHub/oil_lamp/mcu/Middlewares/Third_Party/FreeRTOS/Source/include" -I"D:/Users/Tyler/Documents/GitHub/oil_lamp/mcu/Middlewares/Third_Party/FreeRTOS/Source/CMSIS_RTOS" -I"D:/Users/Tyler/Documents/GitHub/oil_lamp/mcu/Middlewares/Third_Party/FreeRTOS/Source/portable/GCC/ARM_CM4F" -I"D:/Users/Tyler/Documents/GitHub/oil_lamp/mcu/Drivers/CMSIS/Device/ST/STM32F4xx/Include" -I"D:/Users/Tyler/Documents/GitHub/oil_lamp/mcu/Drivers/CMSIS/Include"  -Og -g3 -Wall -fmessage-length=0 -ffunction-sections -c -fmessage-length=0 -MMD -MP -MF"Drivers/STM32F4xx_HAL_Driver/Src/stm32f4xx_hal_flash.d" -MT"Drivers/STM32F4xx_HAL_Driver/Src/stm32f4xx_hal_flash.o" -o "Drivers/STM32F4xx_HAL_Driver/Src/stm32f4xx_hal_flash.o" "../Drivers/STM32F4xx_HAL_Driver/Src/stm32f4xx_hal_flash.c"
D:\Users\Tyler\Documents\GitHub\oil_lamp\mcu\Debug
arm-none-eabi-gcc -mcpu=cortex-m4 -mthumb -mfloat-abi=hard -mfpu=fpv4-sp-d16 '-D__weak=__attribute__((weak))' '-D__packed=__attribute__((__packed__))' -DUSE_HAL_DRIVER -DSTM32F446xx -I"D:/Users/Tyler/Documents/GitHub/oil_lamp/mcu/Inc" -I"D:/Users/Tyler/Documents/GitHub/oil_lamp/mcu/Drivers/STM32F4xx_HAL_Driver/Inc" -I"D:/Users/Tyler/Documents/GitHub/oil_lamp/mcu/Drivers/STM32F4xx_HAL_Driver/Inc/Legacy" -I"D:/Users/Tyler/Documents/GitHub/oil_lamp/mcu/Middlewares/Third_Party/FreeRTOS/Source/include" -I"D:/Users/Tyler/Documents/GitHub/oil_lamp/mcu/Middlewares/Third_Party/FreeRTOS/Source/CMSIS_RTOS" -I"D:/Users/Tyler/Documents/GitHub/oil_lamp/mcu/Middlewares/Third_Party/FreeRTOS/Source/portable/GCC/ARM_CM4F" -I"D:/Users/Tyler/Documents/GitHub/oil_lamp/mcu/Drivers/CMSIS/Device/ST/STM32F4xx/Include" -I"D:/Users/Tyler/Documents/GitHub/oil_lamp/mcu/Drivers/CMSIS/Include"  -Og -g3 -Wall -fmessage-length=0 -ffunction-sections -c -fmessage-length=0 -MMD -MP -MF"Drivers/STM32F4xx_HAL_Driver/Src/stm32f4xx_hal_flash_ex.d" -MT"Drivers/STM32F4xx_HAL_Driver/Src/stm32f4xx_hal_flash_ex.o" -o "Drivers/STM32F4xx_HAL_Driver/Src/stm32f4xx_hal_flash_ex.o" "../Drivers/STM32F4xx_HAL_Driver/Src/stm32f4xx_hal_flash_ex.c"
Finished building: ../Middlewares/Third_Party/FreeRTOS/Source/tasks.c
 
Building file: ../Drivers/STM32F4xx_HAL_Driver/Src/stm32f4xx_hal_flash_ramfunc.c
Invoking: MCU GCC Compiler
D:\Users\Tyler\Documents\GitHub\oil_lamp\mcu\Debug
arm-none-eabi-gcc -mcpu=cortex-m4 -mthumb -mfloat-abi=hard -mfpu=fpv4-sp-d16 '-D__weak=__attribute__((weak))' '-D__packed=__attribute__((__packed__))' -DUSE_HAL_DRIVER -DSTM32F446xx -I"D:/Users/Tyler/Documents/GitHub/oil_lamp/mcu/Inc" -I"D:/Users/Tyler/Documents/GitHub/oil_lamp/mcu/Drivers/STM32F4xx_HAL_Driver/Inc" -I"D:/Users/Tyler/Documents/GitHub/oil_lamp/mcu/Drivers/STM32F4xx_HAL_Driver/Inc/Legacy" -I"D:/Users/Tyler/Documents/GitHub/oil_lamp/mcu/Middlewares/Third_Party/FreeRTOS/Source/include" -I"D:/Users/Tyler/Documents/GitHub/oil_lamp/mcu/Middlewares/Third_Party/FreeRTOS/Source/CMSIS_RTOS" -I"D:/Users/Tyler/Documents/GitHub/oil_lamp/mcu/Middlewares/Third_Party/FreeRTOS/Source/portable/GCC/ARM_CM4F" -I"D:/Users/Tyler/Documents/GitHub/oil_lamp/mcu/Drivers/CMSIS/Device/ST/STM32F4xx/Include" -I"D:/Users/Tyler/Documents/GitHub/oil_lamp/mcu/Drivers/CMSIS/Include"  -Og -g3 -Wall -fmessage-length=0 -ffunction-sections -c -fmessage-length=0 -MMD -MP -MF"Drivers/STM32F4xx_HAL_Driver/Src/stm32f4xx_hal_flash_ramfunc.d" -MT"Drivers/STM32F4xx_HAL_Driver/Src/stm32f4xx_hal_flash_ramfunc.o" -o "Drivers/STM32F4xx_HAL_Driver/Src/stm32f4xx_hal_flash_ramfunc.o" "../Drivers/STM32F4xx_HAL_Driver/Src/stm32f4xx_hal_flash_ramfunc.c"
Finished building: ../Drivers/STM32F4xx_HAL_Driver/Src/stm32f4xx_hal.c
 
Building file: ../Drivers/STM32F4xx_HAL_Driver/Src/stm32f4xx_hal_gpio.c
Finished building: ../Drivers/STM32F4xx_HAL_Driver/Src/stm32f4xx_hal_cortex.c
Invoking: MCU GCC Compiler
Finished building: ../Drivers/STM32F4xx_HAL_Driver/Src/stm32f4xx_hal_dma.c
 
D:\Users\Tyler\Documents\GitHub\oil_lamp\mcu\Debug
arm-none-eabi-gcc -mcpu=cortex-m4 -mthumb -mfloat-abi=hard -mfpu=fpv4-sp-d16 '-D__weak=__attribute__((weak))' '-D__packed=__attribute__((__packed__))' -DUSE_HAL_DRIVER -DSTM32F446xx -I"D:/Users/Tyler/Documents/GitHub/oil_lamp/mcu/Inc" -I"D:/Users/Tyler/Documents/GitHub/oil_lamp/mcu/Drivers/STM32F4xx_HAL_Driver/Inc" -I"D:/Users/Tyler/Documents/GitHub/oil_lamp/mcu/Drivers/STM32F4xx_HAL_Driver/Inc/Legacy" -I"D:/Users/Tyler/Documents/GitHub/oil_lamp/mcu/Middlewares/Third_Party/FreeRTOS/Source/include" -I"D:/Users/Tyler/Documents/GitHub/oil_lamp/mcu/Middlewares/Third_Party/FreeRTOS/Source/CMSIS_RTOS" -I"D:/Users/Tyler/Documents/GitHub/oil_lamp/mcu/Middlewares/Third_Party/FreeRTOS/Source/portable/GCC/ARM_CM4F" -I"D:/Users/Tyler/Documents/GitHub/oil_lamp/mcu/Drivers/CMSIS/Device/ST/STM32F4xx/Include" -I"D:/Users/Tyler/Documents/GitHub/oil_lamp/mcu/Drivers/CMSIS/Include"  -Og -g3 -Wall -fmessage-length=0 -ffunction-sections -c -fmessage-length=0 -MMD -MP -MF"Drivers/STM32F4xx_HAL_Driver/Src/stm32f4xx_hal_gpio.d" -MT"Drivers/STM32F4xx_HAL_Driver/Src/stm32f4xx_hal_gpio.o" -o "Drivers/STM32F4xx_HAL_Driver/Src/stm32f4xx_hal_gpio.o" "../Drivers/STM32F4xx_HAL_Driver/Src/stm32f4xx_hal_gpio.c"
 
Building file: ../Drivers/STM32F4xx_HAL_Driver/Src/stm32f4xx_hal_i2c.c
Finished building: ../Drivers/STM32F4xx_HAL_Driver/Src/stm32f4xx_hal_dma_ex.c
Building file: ../Drivers/STM32F4xx_HAL_Driver/Src/stm32f4xx_hal_i2c_ex.c
Invoking: MCU GCC Compiler
 
Invoking: MCU GCC Compiler
D:\Users\Tyler\Documents\GitHub\oil_lamp\mcu\Debug
arm-none-eabi-gcc -mcpu=cortex-m4 -mthumb -mfloat-abi=hard -mfpu=fpv4-sp-d16 '-D__weak=__attribute__((weak))' '-D__packed=__attribute__((__packed__))' -DUSE_HAL_DRIVER -DSTM32F446xx -I"D:/Users/Tyler/Documents/GitHub/oil_lamp/mcu/Inc" -I"D:/Users/Tyler/Documents/GitHub/oil_lamp/mcu/Drivers/STM32F4xx_HAL_Driver/Inc" -I"D:/Users/Tyler/Documents/GitHub/oil_lamp/mcu/Drivers/STM32F4xx_HAL_Driver/Inc/Legacy" -I"D:/Users/Tyler/Documents/GitHub/oil_lamp/mcu/Middlewares/Third_Party/FreeRTOS/Source/include" -I"D:/Users/Tyler/Documents/GitHub/oil_lamp/mcu/Middlewares/Third_Party/FreeRTOS/Source/CMSIS_RTOS" -I"D:/Users/Tyler/Documents/GitHub/oil_lamp/mcu/Middlewares/Third_Party/FreeRTOS/Source/portable/GCC/ARM_CM4F" -I"D:/Users/Tyler/Documents/GitHub/oil_lamp/mcu/Drivers/CMSIS/Device/ST/STM32F4xx/Include" -I"D:/Users/Tyler/Documents/GitHub/oil_lamp/mcu/Drivers/CMSIS/Include"  -Og -g3 -Wall -fmessage-length=0 -ffunction-sections -c -fmessage-length=0 -MMD -MP -MF"Drivers/STM32F4xx_HAL_Driver/Src/stm32f4xx_hal_i2c.d" -MT"Drivers/STM32F4xx_HAL_Driver/Src/stm32f4xx_hal_i2c.o" -o "Drivers/STM32F4xx_HAL_Driver/Src/stm32f4xx_hal_i2c.o" "../Drivers/STM32F4xx_HAL_Driver/Src/stm32f4xx_hal_i2c.c"
Building file: ../Drivers/STM32F4xx_HAL_Driver/Src/stm32f4xx_hal_pwr.c
D:\Users\Tyler\Documents\GitHub\oil_lamp\mcu\Debug
arm-none-eabi-gcc -mcpu=cortex-m4 -mthumb -mfloat-abi=hard -mfpu=fpv4-sp-d16 '-D__weak=__attribute__((weak))' '-D__packed=__attribute__((__packed__))' -DUSE_HAL_DRIVER -DSTM32F446xx -I"D:/Users/Tyler/Documents/GitHub/oil_lamp/mcu/Inc" -I"D:/Users/Tyler/Documents/GitHub/oil_lamp/mcu/Drivers/STM32F4xx_HAL_Driver/Inc" -I"D:/Users/Tyler/Documents/GitHub/oil_lamp/mcu/Drivers/STM32F4xx_HAL_Driver/Inc/Legacy" -I"D:/Users/Tyler/Documents/GitHub/oil_lamp/mcu/Middlewares/Third_Party/FreeRTOS/Source/include" -I"D:/Users/Tyler/Documents/GitHub/oil_lamp/mcu/Middlewares/Third_Party/FreeRTOS/Source/CMSIS_RTOS" -I"D:/Users/Tyler/Documents/GitHub/oil_lamp/mcu/Middlewares/Third_Party/FreeRTOS/Source/portable/GCC/ARM_CM4F" -I"D:/Users/Tyler/Documents/GitHub/oil_lamp/mcu/Drivers/CMSIS/Device/ST/STM32F4xx/Include" -I"D:/Users/Tyler/Documents/GitHub/oil_lamp/mcu/Drivers/CMSIS/Include"  -Og -g3 -Wall -fmessage-length=0 -ffunction-sections -c -fmessage-length=0 -MMD -MP -MF"Drivers/STM32F4xx_HAL_Driver/Src/stm32f4xx_hal_i2c_ex.d" -MT"Drivers/STM32F4xx_HAL_Driver/Src/stm32f4xx_hal_i2c_ex.o" -o "Drivers/STM32F4xx_HAL_Driver/Src/stm32f4xx_hal_i2c_ex.o" "../Drivers/STM32F4xx_HAL_Driver/Src/stm32f4xx_hal_i2c_ex.c"
Finished building: ../Drivers/STM32F4xx_HAL_Driver/Src/stm32f4xx_hal_exti.c
Invoking: MCU GCC Compiler
 
D:\Users\Tyler\Documents\GitHub\oil_lamp\mcu\Debug
arm-none-eabi-gcc -mcpu=cortex-m4 -mthumb -mfloat-abi=hard -mfpu=fpv4-sp-d16 '-D__weak=__attribute__((weak))' '-D__packed=__attribute__((__packed__))' -DUSE_HAL_DRIVER -DSTM32F446xx -I"D:/Users/Tyler/Documents/GitHub/oil_lamp/mcu/Inc" -I"D:/Users/Tyler/Documents/GitHub/oil_lamp/mcu/Drivers/STM32F4xx_HAL_Driver/Inc" -I"D:/Users/Tyler/Documents/GitHub/oil_lamp/mcu/Drivers/STM32F4xx_HAL_Driver/Inc/Legacy" -I"D:/Users/Tyler/Documents/GitHub/oil_lamp/mcu/Middlewares/Third_Party/FreeRTOS/Source/include" -I"D:/Users/Tyler/Documents/GitHub/oil_lamp/mcu/Middlewares/Third_Party/FreeRTOS/Source/CMSIS_RTOS" -I"D:/Users/Tyler/Documents/GitHub/oil_lamp/mcu/Middlewares/Third_Party/FreeRTOS/Source/portable/GCC/ARM_CM4F" -I"D:/Users/Tyler/Documents/GitHub/oil_lamp/mcu/Drivers/CMSIS/Device/ST/STM32F4xx/Include" -I"D:/Users/Tyler/Documents/GitHub/oil_lamp/mcu/Drivers/CMSIS/Include"  -Og -g3 -Wall -fmessage-length=0 -ffunction-sections -c -fmessage-length=0 -MMD -MP -MF"Drivers/STM32F4xx_HAL_Driver/Src/stm32f4xx_hal_pwr.d" -MT"Drivers/STM32F4xx_HAL_Driver/Src/stm32f4xx_hal_pwr.o" -o "Drivers/STM32F4xx_HAL_Driver/Src/stm32f4xx_hal_pwr.o" "../Drivers/STM32F4xx_HAL_Driver/Src/stm32f4xx_hal_pwr.c"
Building file: ../Drivers/STM32F4xx_HAL_Driver/Src/stm32f4xx_hal_pwr_ex.c
Invoking: MCU GCC Compiler
D:\Users\Tyler\Documents\GitHub\oil_lamp\mcu\Debug
arm-none-eabi-gcc -mcpu=cortex-m4 -mthumb -mfloat-abi=hard -mfpu=fpv4-sp-d16 '-D__weak=__attribute__((weak))' '-D__packed=__attribute__((__packed__))' -DUSE_HAL_DRIVER -DSTM32F446xx -I"D:/Users/Tyler/Documents/GitHub/oil_lamp/mcu/Inc" -I"D:/Users/Tyler/Documents/GitHub/oil_lamp/mcu/Drivers/STM32F4xx_HAL_Driver/Inc" -I"D:/Users/Tyler/Documents/GitHub/oil_lamp/mcu/Drivers/STM32F4xx_HAL_Driver/Inc/Legacy" -I"D:/Users/Tyler/Documents/GitHub/oil_lamp/mcu/Middlewares/Third_Party/FreeRTOS/Source/include" -I"D:/Users/Tyler/Documents/GitHub/oil_lamp/mcu/Middlewares/Third_Party/FreeRTOS/Source/CMSIS_RTOS" -I"D:/Users/Tyler/Documents/GitHub/oil_lamp/mcu/Middlewares/Third_Party/FreeRTOS/Source/portable/GCC/ARM_CM4F" -I"D:/Users/Tyler/Documents/GitHub/oil_lamp/mcu/Drivers/CMSIS/Device/ST/STM32F4xx/Include" -I"D:/Users/Tyler/Documents/GitHub/oil_lamp/mcu/Drivers/CMSIS/Include"  -Og -g3 -Wall -fmessage-length=0 -ffunction-sections -c -fmessage-length=0 -MMD -MP -MF"Drivers/STM32F4xx_HAL_Driver/Src/stm32f4xx_hal_pwr_ex.d" -MT"Drivers/STM32F4xx_HAL_Driver/Src/stm32f4xx_hal_pwr_ex.o" -o "Drivers/STM32F4xx_HAL_Driver/Src/stm32f4xx_hal_pwr_ex.o" "../Drivers/STM32F4xx_HAL_Driver/Src/stm32f4xx_hal_pwr_ex.c"
Finished building: ../Drivers/STM32F4xx_HAL_Driver/Src/stm32f4xx_hal_flash.c
 
Finished building: ../Drivers/STM32F4xx_HAL_Driver/Src/stm32f4xx_hal_flash_ex.c
Building file: ../Drivers/STM32F4xx_HAL_Driver/Src/stm32f4xx_hal_rcc.c
 
Invoking: MCU GCC Compiler
Building file: ../Drivers/STM32F4xx_HAL_Driver/Src/stm32f4xx_hal_rcc_ex.c
D:\Users\Tyler\Documents\GitHub\oil_lamp\mcu\Debug
Invoking: MCU GCC Compiler
arm-none-eabi-gcc -mcpu=cortex-m4 -mthumb -mfloat-abi=hard -mfpu=fpv4-sp-d16 '-D__weak=__attribute__((weak))' '-D__packed=__attribute__((__packed__))' -DUSE_HAL_DRIVER -DSTM32F446xx -I"D:/Users/Tyler/Documents/GitHub/oil_lamp/mcu/Inc" -I"D:/Users/Tyler/Documents/GitHub/oil_lamp/mcu/Drivers/STM32F4xx_HAL_Driver/Inc" -I"D:/Users/Tyler/Documents/GitHub/oil_lamp/mcu/Drivers/STM32F4xx_HAL_Driver/Inc/Legacy" -I"D:/Users/Tyler/Documents/GitHub/oil_lamp/mcu/Middlewares/Third_Party/FreeRTOS/Source/include" -I"D:/Users/Tyler/Documents/GitHub/oil_lamp/mcu/Middlewares/Third_Party/FreeRTOS/Source/CMSIS_RTOS" -I"D:/Users/Tyler/Documents/GitHub/oil_lamp/mcu/Middlewares/Third_Party/FreeRTOS/Source/portable/GCC/ARM_CM4F" -I"D:/Users/Tyler/Documents/GitHub/oil_lamp/mcu/Drivers/CMSIS/Device/ST/STM32F4xx/Include" -I"D:/Users/Tyler/Documents/GitHub/oil_lamp/mcu/Drivers/CMSIS/Include"  -Og -g3 -Wall -fmessage-length=0 -ffunction-sections -c -fmessage-length=0 -MMD -MP -MF"Drivers/STM32F4xx_HAL_Driver/Src/stm32f4xx_hal_rcc.d" -MT"Drivers/STM32F4xx_HAL_Driver/Src/stm32f4xx_hal_rcc.o" -o "Drivers/STM32F4xx_HAL_Driver/Src/stm32f4xx_hal_rcc.o" "../Drivers/STM32F4xx_HAL_Driver/Src/stm32f4xx_hal_rcc.c"
Finished building: ../Drivers/STM32F4xx_HAL_Driver/Src/stm32f4xx_hal_flash_ramfunc.c
D:\Users\Tyler\Documents\GitHub\oil_lamp\mcu\Debug
 
arm-none-eabi-gcc -mcpu=cortex-m4 -mthumb -mfloat-abi=hard -mfpu=fpv4-sp-d16 '-D__weak=__attribute__((weak))' '-D__packed=__attribute__((__packed__))' -DUSE_HAL_DRIVER -DSTM32F446xx -I"D:/Users/Tyler/Documents/GitHub/oil_lamp/mcu/Inc" -I"D:/Users/Tyler/Documents/GitHub/oil_lamp/mcu/Drivers/STM32F4xx_HAL_Driver/Inc" -I"D:/Users/Tyler/Documents/GitHub/oil_lamp/mcu/Drivers/STM32F4xx_HAL_Driver/Inc/Legacy" -I"D:/Users/Tyler/Documents/GitHub/oil_lamp/mcu/Middlewares/Third_Party/FreeRTOS/Source/include" -I"D:/Users/Tyler/Documents/GitHub/oil_lamp/mcu/Middlewares/Third_Party/FreeRTOS/Source/CMSIS_RTOS" -I"D:/Users/Tyler/Documents/GitHub/oil_lamp/mcu/Middlewares/Third_Party/FreeRTOS/Source/portable/GCC/ARM_CM4F" -I"D:/Users/Tyler/Documents/GitHub/oil_lamp/mcu/Drivers/CMSIS/Device/ST/STM32F4xx/Include" -I"D:/Users/Tyler/Documents/GitHub/oil_lamp/mcu/Drivers/CMSIS/Include"  -Og -g3 -Wall -fmessage-length=0 -ffunction-sections -c -fmessage-length=0 -MMD -MP -MF"Drivers/STM32F4xx_HAL_Driver/Src/stm32f4xx_hal_rcc_ex.d" -MT"Drivers/STM32F4xx_HAL_Driver/Src/stm32f4xx_hal_rcc_ex.o" -o "Drivers/STM32F4xx_HAL_Driver/Src/stm32f4xx_hal_rcc_ex.o" "../Drivers/STM32F4xx_HAL_Driver/Src/stm32f4xx_hal_rcc_ex.c"
Building file: ../Drivers/STM32F4xx_HAL_Driver/Src/stm32f4xx_hal_tim.c
Invoking: MCU GCC Compiler
D:\Users\Tyler\Documents\GitHub\oil_lamp\mcu\Debug
arm-none-eabi-gcc -mcpu=cortex-m4 -mthumb -mfloat-abi=hard -mfpu=fpv4-sp-d16 '-D__weak=__attribute__((weak))' '-D__packed=__attribute__((__packed__))' -DUSE_HAL_DRIVER -DSTM32F446xx -I"D:/Users/Tyler/Documents/GitHub/oil_lamp/mcu/Inc" -I"D:/Users/Tyler/Documents/GitHub/oil_lamp/mcu/Drivers/STM32F4xx_HAL_Driver/Inc" -I"D:/Users/Tyler/Documents/GitHub/oil_lamp/mcu/Drivers/STM32F4xx_HAL_Driver/Inc/Legacy" -I"D:/Users/Tyler/Documents/GitHub/oil_lamp/mcu/Middlewares/Third_Party/FreeRTOS/Source/include" -I"D:/Users/Tyler/Documents/GitHub/oil_lamp/mcu/Middlewares/Third_Party/FreeRTOS/Source/CMSIS_RTOS" -I"D:/Users/Tyler/Documents/GitHub/oil_lamp/mcu/Middlewares/Third_Party/FreeRTOS/Source/portable/GCC/ARM_CM4F" -I"D:/Users/Tyler/Documents/GitHub/oil_lamp/mcu/Drivers/CMSIS/Device/ST/STM32F4xx/Include" -I"D:/Users/Tyler/Documents/GitHub/oil_lamp/mcu/Drivers/CMSIS/Include"  -Og -g3 -Wall -fmessage-length=0 -ffunction-sections -c -fmessage-length=0 -MMD -MP -MF"Drivers/STM32F4xx_HAL_Driver/Src/stm32f4xx_hal_tim.d" -MT"Drivers/STM32F4xx_HAL_Driver/Src/stm32f4xx_hal_tim.o" -o "Drivers/STM32F4xx_HAL_Driver/Src/stm32f4xx_hal_tim.o" "../Drivers/STM32F4xx_HAL_Driver/Src/stm32f4xx_hal_tim.c"
Finished building: ../Drivers/STM32F4xx_HAL_Driver/Src/stm32f4xx_hal_gpio.c
 
Finished building: ../Drivers/STM32F4xx_HAL_Driver/Src/stm32f4xx_hal_i2c_ex.c
Building file: ../Drivers/STM32F4xx_HAL_Driver/Src/stm32f4xx_hal_tim_ex.c
 
Building file: ../Drivers/STM32F4xx_HAL_Driver/Src/stm32f4xx_hal_uart.c
Invoking: MCU GCC Compiler
Invoking: MCU GCC Compiler
Finished building: ../Drivers/STM32F4xx_HAL_Driver/Src/stm32f4xx_hal_pwr.c
D:\Users\Tyler\Documents\GitHub\oil_lamp\mcu\Debug
arm-none-eabi-gcc -mcpu=cortex-m4 -mthumb -mfloat-abi=hard -mfpu=fpv4-sp-d16 '-D__weak=__attribute__((weak))' '-D__packed=__attribute__((__packed__))' -DUSE_HAL_DRIVER -DSTM32F446xx -I"D:/Users/Tyler/Documents/GitHub/oil_lamp/mcu/Inc" -I"D:/Users/Tyler/Documents/GitHub/oil_lamp/mcu/Drivers/STM32F4xx_HAL_Driver/Inc" -I"D:/Users/Tyler/Documents/GitHub/oil_lamp/mcu/Drivers/STM32F4xx_HAL_Driver/Inc/Legacy" -I"D:/Users/Tyler/Documents/GitHub/oil_lamp/mcu/Middlewares/Third_Party/FreeRTOS/Source/include" -I"D:/Users/Tyler/Documents/GitHub/oil_lamp/mcu/Middlewares/Third_Party/FreeRTOS/Source/CMSIS_RTOS" -I"D:/Users/Tyler/Documents/GitHub/oil_lamp/mcu/Middlewares/Third_Party/FreeRTOS/Source/portable/GCC/ARM_CM4F" -I"D:/Users/Tyler/Documents/GitHub/oil_lamp/mcu/Drivers/CMSIS/Device/ST/STM32F4xx/Include" -I"D:/Users/Tyler/Documents/GitHub/oil_lamp/mcu/Drivers/CMSIS/Include"  -Og -g3 -Wall -fmessage-length=0 -ffunction-sections -c -fmessage-length=0 -MMD -MP -MF"Drivers/STM32F4xx_HAL_Driver/Src/stm32f4xx_hal_tim_ex.d" -MT"Drivers/STM32F4xx_HAL_Driver/Src/stm32f4xx_hal_tim_ex.o" -o "Drivers/STM32F4xx_HAL_Driver/Src/stm32f4xx_hal_tim_ex.o" "../Drivers/STM32F4xx_HAL_Driver/Src/stm32f4xx_hal_tim_ex.c"
D:\Users\Tyler\Documents\GitHub\oil_lamp\mcu\Debug
 
Finished building: ../Drivers/STM32F4xx_HAL_Driver/Src/stm32f4xx_hal_pwr_ex.c
arm-none-eabi-gcc -mcpu=cortex-m4 -mthumb -mfloat-abi=hard -mfpu=fpv4-sp-d16 '-D__weak=__attribute__((weak))' '-D__packed=__attribute__((__packed__))' -DUSE_HAL_DRIVER -DSTM32F446xx -I"D:/Users/Tyler/Documents/GitHub/oil_lamp/mcu/Inc" -I"D:/Users/Tyler/Documents/GitHub/oil_lamp/mcu/Drivers/STM32F4xx_HAL_Driver/Inc" -I"D:/Users/Tyler/Documents/GitHub/oil_lamp/mcu/Drivers/STM32F4xx_HAL_Driver/Inc/Legacy" -I"D:/Users/Tyler/Documents/GitHub/oil_lamp/mcu/Middlewares/Third_Party/FreeRTOS/Source/include" -I"D:/Users/Tyler/Documents/GitHub/oil_lamp/mcu/Middlewares/Third_Party/FreeRTOS/Source/CMSIS_RTOS" -I"D:/Users/Tyler/Documents/GitHub/oil_lamp/mcu/Middlewares/Third_Party/FreeRTOS/Source/portable/GCC/ARM_CM4F" -I"D:/Users/Tyler/Documents/GitHub/oil_lamp/mcu/Drivers/CMSIS/Device/ST/STM32F4xx/Include" -I"D:/Users/Tyler/Documents/GitHub/oil_lamp/mcu/Drivers/CMSIS/Include"  -Og -g3 -Wall -fmessage-length=0 -ffunction-sections -c -fmessage-length=0 -MMD -MP -MF"Drivers/STM32F4xx_HAL_Driver/Src/stm32f4xx_hal_uart.d" -MT"Drivers/STM32F4xx_HAL_Driver/Src/stm32f4xx_hal_uart.o" -o "Drivers/STM32F4xx_HAL_Driver/Src/stm32f4xx_hal_uart.o" "../Drivers/STM32F4xx_HAL_Driver/Src/stm32f4xx_hal_uart.c"
 
Finished building: ../Drivers/STM32F4xx_HAL_Driver/Src/stm32f4xx_hal_rcc.c
 
Finished building: ../Drivers/STM32F4xx_HAL_Driver/Src/stm32f4xx_hal_i2c.c
 
Finished building: ../Drivers/STM32F4xx_HAL_Driver/Src/stm32f4xx_hal_rcc_ex.c
 
Finished building: ../Drivers/STM32F4xx_HAL_Driver/Src/stm32f4xx_hal_tim_ex.c
Finished building: ../Drivers/STM32F4xx_HAL_Driver/Src/stm32f4xx_hal_tim.c
 
 
Finished building: ../Drivers/STM32F4xx_HAL_Driver/Src/stm32f4xx_hal_uart.c
 
Building target: mcu.elf
Invoking: MCU GCC Linker
arm-none-eabi-gcc -mcpu=cortex-m4 -mthumb -mfloat-abi=hard -mfpu=fpv4-sp-d16 -specs=nosys.specs -specs=nano.specs -T"../STM32F446RETx_FLASH.ld" -Wl,-Map=output.map -Wl,--gc-sections -o "mcu.elf" @"objects.list"   -lm
Finished building target: mcu.elf
 
make --no-print-directory post-build
Generating hex and Printing size information:
arm-none-eabi-objcopy -O ihex "mcu.elf" "mcu.hex"
arm-none-eabi-size "mcu.elf"
   text	   data	    bss	    dec	    hex	filename
  25136	     64	   5576	  30776	   7838	mcu.elf
 
22:58:18 **** Incremental Build of configuration Debug for project mcu ****
make -j8 all 
make: Nothing to be done for 'all'.
